// Jest Snapshot v1, https://goo.gl/fbAQLP

exports[`renders correctly 1`] = `
<RCTSafeAreaView
  emulateUnlessSupported={true}
  style={
    Object {
      "backgroundColor": "#F3F3F3",
    }
  }
>
  <RCTScrollView
    contentInsetAdjustmentBehavior="automatic"
    style={
      Object {
        "backgroundColor": "#F3F3F3",
      }
    }
  >
    <View>
      <View
        accessibilityIgnoresInvertColors={true}
        style={
          Array [
            Object {
              "paddingBottom": 40,
              "paddingHorizontal": 32,
              "paddingTop": 96,
            },
            Object {
              "backgroundColor": "#F3F3F3",
            },
          ]
        }
      >
        <Image
          accessibilityRole="image"
          source={
            Object {
              "testUri": "../Libraries/NewAppScreen/components/logo.png",
            }
          }
          style={
            Array [
              Object {
                "bottom": 0,
                "left": 0,
                "position": "absolute",
                "right": 0,
                "top": 0,
              },
              Object {
                "height": undefined,
                "width": undefined,
              },
              Object {
                "marginBottom": -192,
                "marginLeft": -128,
                "opacity": 0.2,
                "overflow": "visible",
                "resizeMode": "cover",
              },
            ]
          }
          testID="new-app-screen-header"
        />
        <Text
          style={
            Array [
              Object {
                "fontSize": 40,
                "fontWeight": "700",
                "textAlign": "center",
              },
              Object {
                "color": "#000",
              },
            ]
          }
        >
          Welcome to
          

          React Native
        </Text>
      </View>
      <View
        style={
          Object {
            "backgroundColor": "#FFF",
            "flex": 1,
          }
        }
      />
    </View>
  </RCTScrollView>
</RCTSafeAreaView>
`;
